// Jest Snapshot v1, https://goo.gl/fbAQLP

exports[`Note component renders a .Note by default 1`] = `
<div
  className="Note"
>
  <ContextConsumer>
    <Component />
  </ContextConsumer>
</div>
`;

exports[`Note component renders the Note given props 1`] = `
<div
  className="Note"
>
  <ContextConsumer>
    <Component />
  </ContextConsumer>
</div>
`;
