// Jest Snapshot v1, https://goo.gl/fbAQLP

exports[`NoteListNav component renders a .NoteListNav by default 1`] = `
<ContextConsumer>
  <Component />
</ContextConsumer>
`;

exports[`NoteListNav component renders a link in ul for each folder in array 1`] = `null`;
